namespace NServiceBus.AzureFunctions.ServiceBus
{
    public class FunctionEndpoint : NServiceBus.Serverless.ServerlessEndpoint<Microsoft.Azure.WebJobs.ExecutionContext, NServiceBus.AzureFunctions.ServiceBus.ServiceBusTriggeredEndpointConfiguration>
    {
        public FunctionEndpoint(System.Func<Microsoft.Azure.WebJobs.ExecutionContext, NServiceBus.AzureFunctions.ServiceBus.ServiceBusTriggeredEndpointConfiguration> configurationFactory) { }
        public System.Threading.Tasks.Task Process(Microsoft.Azure.ServiceBus.Message message, Microsoft.Azure.WebJobs.ExecutionContext executionContext) { }
    }
    public class ServiceBusTriggeredEndpointConfiguration : NServiceBus.Serverless.ServerlessEndpointConfiguration
    {
        public ServiceBusTriggeredEndpointConfiguration(string connectionStringName, Microsoft.Azure.WebJobs.ExecutionContext executionContext) { }
        public NServiceBus.TransportExtensions<NServiceBus.AzureServiceBusTransport> Transport { get; }
    }
}