namespace NServiceBus.AzureFunctions
{
    public class FunctionExecutionContext
    {
        public FunctionExecutionContext(Microsoft.Azure.WebJobs.ExecutionContext executionContext, Microsoft.Extensions.Logging.ILogger logger) { }
        public Microsoft.Azure.WebJobs.ExecutionContext ExecutionContext { get; }
        public Microsoft.Extensions.Logging.ILogger Logger { get; }
    }
}
namespace NServiceBus.AzureFunctions.StorageQueues
{
    public class FunctionEndpoint : NServiceBus.Serverless.ServerlessEndpoint<NServiceBus.AzureFunctions.FunctionExecutionContext, NServiceBus.AzureFunctions.StorageQueues.StorageQueueTriggeredEndpointConfiguration>
    {
        public FunctionEndpoint(System.Func<NServiceBus.AzureFunctions.FunctionExecutionContext, NServiceBus.AzureFunctions.StorageQueues.StorageQueueTriggeredEndpointConfiguration> configurationFactory) { }
        public System.Threading.Tasks.Task Process(Microsoft.WindowsAzure.Storage.Queue.CloudQueueMessage message, Microsoft.Azure.WebJobs.ExecutionContext executionContext, Microsoft.Extensions.Logging.ILogger functionsLogger = null) { }
    }
    public class StorageQueueTriggeredEndpointConfiguration : NServiceBus.Serverless.ServerlessEndpointConfiguration
    {
        public StorageQueueTriggeredEndpointConfiguration(string endpointName, string connectionStringName = null) { }
        public NServiceBus.TransportExtensions<NServiceBus.AzureStorageQueueTransport> Transport { get; }
        public static NServiceBus.AzureFunctions.StorageQueues.StorageQueueTriggeredEndpointConfiguration FromAttributes() { }
    }
}